Tests for BaseGeometry (task 7)

>>> BaseGeometry = __import__("7-base_geometry").BaseGeometry
>>> bg = BaseGeometry()

Valid integers:

>>> bg.integer_validator("my_int", 12)
>>> bg.integer_validator("width", 89)

Type errors:

>>> bg.integer_validator("age", "4")
Traceback (most recent call last):
TypeError: age must be an integer

>>> bg.integer_validator("age", (4,))
Traceback (most recent call last):
TypeError: age must be an integer

>>> bg.integer_validator("age", [3])
Traceback (most recent call last):
TypeError: age must be an integer

>>> bg.integer_validator("age", {3, 4})
Traceback (most recent call last):
TypeError: age must be an integer

>>> bg.integer_validator("age", None)
Traceback (most recent call last):
TypeError: age must be an integer

Value errors:

>>> bg.integer_validator("age", 0)
Traceback (most recent call last):
ValueError: age must be greater than 0

>>> bg.integer_validator("age", -4)
Traceback (most recent call last):
ValueError: age must be greater than 0

Boolean is accepted (True == 1):

>>> bg.integer_validator("age", True)

Missing arguments (we only care that TypeError happens):

>>> bg.integer_validator()  # doctest: +ELLIPSIS
Traceback (most recent call last):
TypeError: ...

>>> bg.integer_validator("age")  # doctest: +ELLIPSIS
Traceback (most recent call last):
TypeError: ...

area() is not implemented:

>>> bg.area()
Traceback (most recent call last):
Exception: area() is not implemented
